<?xml version="1.0" encoding="ISO-8859-1" ?>
<link_info>
   <banner>TMS320C2000 Linker PC v22.6.0.LTS</banner>
   <copyright>Copyright (c) 1996-2018 Texas Instruments Incorporated</copyright>
   <link_time>0x66e28d91</link_time>
   <link_errors>0x0</link_errors>
   <output_file>BIPT_30kW_EV_exp.out</output_file>
   <entry_point>
      <name>_c_int00</name>
      <address>0x83b4e</address>
   </entry_point>
   <input_file_list>
      <input_file id="fl-2">
         <path>.\Source\</path>
         <kind>object</kind>
         <file>F2837xD_Adc.obj</file>
         <name>F2837xD_Adc.obj</name>
      </input_file>
      <input_file id="fl-3">
         <path>.\Source\</path>
         <kind>object</kind>
         <file>F2837xD_CodeStartBranch.obj</file>
         <name>F2837xD_CodeStartBranch.obj</name>
      </input_file>
      <input_file id="fl-4">
         <path>.\Source\</path>
         <kind>object</kind>
         <file>F2837xD_CpuTimers.obj</file>
         <name>F2837xD_CpuTimers.obj</name>
      </input_file>
      <input_file id="fl-5">
         <path>.\Source\</path>
         <kind>object</kind>
         <file>F2837xD_DBGIER.obj</file>
         <name>F2837xD_DBGIER.obj</name>
      </input_file>
      <input_file id="fl-6">
         <path>.\Source\</path>
         <kind>object</kind>
         <file>F2837xD_DefaultISR.obj</file>
         <name>F2837xD_DefaultISR.obj</name>
      </input_file>
      <input_file id="fl-7">
         <path>.\Source\</path>
         <kind>object</kind>
         <file>F2837xD_Dma.obj</file>
         <name>F2837xD_Dma.obj</name>
      </input_file>
      <input_file id="fl-8">
         <path>.\Source\</path>
         <kind>object</kind>
         <file>F2837xD_ECap.obj</file>
         <name>F2837xD_ECap.obj</name>
      </input_file>
      <input_file id="fl-9">
         <path>.\Source\</path>
         <kind>object</kind>
         <file>F2837xD_EPwm.obj</file>
         <name>F2837xD_EPwm.obj</name>
      </input_file>
      <input_file id="fl-a">
         <path>.\Source\</path>
         <kind>object</kind>
         <file>F2837xD_EQep.obj</file>
         <name>F2837xD_EQep.obj</name>
      </input_file>
      <input_file id="fl-b">
         <path>.\Source\</path>
         <kind>object</kind>
         <file>F2837xD_Emif.obj</file>
         <name>F2837xD_Emif.obj</name>
      </input_file>
      <input_file id="fl-c">
         <path>.\Source\</path>
         <kind>object</kind>
         <file>F2837xD_GlobalVariableDefs.obj</file>
         <name>F2837xD_GlobalVariableDefs.obj</name>
      </input_file>
      <input_file id="fl-d">
         <path>.\Source\</path>
         <kind>object</kind>
         <file>F2837xD_Gpio.obj</file>
         <name>F2837xD_Gpio.obj</name>
      </input_file>
      <input_file id="fl-e">
         <path>.\Source\</path>
         <kind>object</kind>
         <file>F2837xD_I2C.obj</file>
         <name>F2837xD_I2C.obj</name>
      </input_file>
      <input_file id="fl-f">
         <path>.\Source\</path>
         <kind>object</kind>
         <file>F2837xD_Ipc.obj</file>
         <name>F2837xD_Ipc.obj</name>
      </input_file>
      <input_file id="fl-10">
         <path>.\Source\</path>
         <kind>object</kind>
         <file>F2837xD_Ipc_Driver.obj</file>
         <name>F2837xD_Ipc_Driver.obj</name>
      </input_file>
      <input_file id="fl-11">
         <path>.\Source\</path>
         <kind>object</kind>
         <file>F2837xD_Ipc_Driver_Lite.obj</file>
         <name>F2837xD_Ipc_Driver_Lite.obj</name>
      </input_file>
      <input_file id="fl-12">
         <path>.\Source\</path>
         <kind>object</kind>
         <file>F2837xD_Ipc_Driver_Util.obj</file>
         <name>F2837xD_Ipc_Driver_Util.obj</name>
      </input_file>
      <input_file id="fl-13">
         <path>.\Source\</path>
         <kind>object</kind>
         <file>F2837xD_Mcbsp.obj</file>
         <name>F2837xD_Mcbsp.obj</name>
      </input_file>
      <input_file id="fl-14">
         <path>.\Source\</path>
         <kind>object</kind>
         <file>F2837xD_PieCtrl.obj</file>
         <name>F2837xD_PieCtrl.obj</name>
      </input_file>
      <input_file id="fl-15">
         <path>.\Source\</path>
         <kind>object</kind>
         <file>F2837xD_PieVect.obj</file>
         <name>F2837xD_PieVect.obj</name>
      </input_file>
      <input_file id="fl-16">
         <path>.\Source\</path>
         <kind>object</kind>
         <file>F2837xD_Sci.obj</file>
         <name>F2837xD_Sci.obj</name>
      </input_file>
      <input_file id="fl-17">
         <path>.\Source\</path>
         <kind>object</kind>
         <file>F2837xD_Spi.obj</file>
         <name>F2837xD_Spi.obj</name>
      </input_file>
      <input_file id="fl-18">
         <path>.\Source\</path>
         <kind>object</kind>
         <file>F2837xD_SysCtrl.obj</file>
         <name>F2837xD_SysCtrl.obj</name>
      </input_file>
      <input_file id="fl-19">
         <path>.\Source\</path>
         <kind>object</kind>
         <file>F2837xD_TempSensorConv.obj</file>
         <name>F2837xD_TempSensorConv.obj</name>
      </input_file>
      <input_file id="fl-1a">
         <path>.\Source\</path>
         <kind>object</kind>
         <file>F2837xD_Upp.obj</file>
         <name>F2837xD_Upp.obj</name>
      </input_file>
      <input_file id="fl-1b">
         <path>.\Source\</path>
         <kind>object</kind>
         <file>F2837xD_can.obj</file>
         <name>F2837xD_can.obj</name>
      </input_file>
      <input_file id="fl-1c">
         <path>.\Source\</path>
         <kind>object</kind>
         <file>F2837xD_sci_io.obj</file>
         <name>F2837xD_sci_io.obj</name>
      </input_file>
      <input_file id="fl-1d">
         <path>.\Source\</path>
         <kind>object</kind>
         <file>F2837xD_sdfm_drivers.obj</file>
         <name>F2837xD_sdfm_drivers.obj</name>
      </input_file>
      <input_file id="fl-1e">
         <path>.\Source\</path>
         <kind>object</kind>
         <file>F2837xD_struct.obj</file>
         <name>F2837xD_struct.obj</name>
      </input_file>
      <input_file id="fl-1f">
         <path>.\Source\</path>
         <kind>object</kind>
         <file>F2837xD_usDelay.obj</file>
         <name>F2837xD_usDelay.obj</name>
      </input_file>
      <input_file id="fl-20">
         <path>.\UserSource\</path>
         <kind>object</kind>
         <file>ADCSample.obj</file>
         <name>ADCSample.obj</name>
      </input_file>
      <input_file id="fl-21">
         <path>.\UserSource\</path>
         <kind>object</kind>
         <file>ActiveRectifier.obj</file>
         <name>ActiveRectifier.obj</name>
      </input_file>
      <input_file id="fl-22">
         <path>.\UserSource\</path>
         <kind>object</kind>
         <file>CommonModle.obj</file>
         <name>CommonModle.obj</name>
      </input_file>
      <input_file id="fl-23">
         <path>.\UserSource\</path>
         <kind>object</kind>
         <file>EpwmSet.obj</file>
         <name>EpwmSet.obj</name>
      </input_file>
      <input_file id="fl-24">
         <path>.\UserSource\</path>
         <kind>object</kind>
         <file>Key.obj</file>
         <name>Key.obj</name>
      </input_file>
      <input_file id="fl-25">
         <path>.\UserSource\</path>
         <kind>object</kind>
         <file>SysStsFlt.obj</file>
         <name>SysStsFlt.obj</name>
      </input_file>
      <input_file id="fl-26">
         <path>.\UserSource\</path>
         <kind>object</kind>
         <file>Sys_GPIO.obj</file>
         <name>Sys_GPIO.obj</name>
      </input_file>
      <input_file id="fl-27">
         <path>.\user\</path>
         <kind>object</kind>
         <file>BIPT_30kW_EV_exp.obj</file>
         <name>BIPT_30kW_EV_exp.obj</name>
      </input_file>
      <input_file id="fl-2c">
         <kind>object</kind>
         <file>&lt;internal&gt;</file>
         <name>&lt;internal&gt;</name>
      </input_file>
      <input_file id="fl-38">
         <path>E:\TI\CCS1230\ccs\tools\compiler\ti-cgt-c2000_22.6.0.LTS\lib\</path>
         <kind>archive</kind>
         <file>rts2800_fpu32.lib</file>
         <name>e_asinf.c.obj</name>
      </input_file>
      <input_file id="fl-39">
         <path>E:\TI\CCS1230\ccs\tools\compiler\ti-cgt-c2000_22.6.0.LTS\lib\</path>
         <kind>archive</kind>
         <file>rts2800_fpu32.lib</file>
         <name>boot28.asm.obj</name>
      </input_file>
      <input_file id="fl-3a">
         <path>E:\TI\CCS1230\ccs\tools\compiler\ti-cgt-c2000_22.6.0.LTS\lib\</path>
         <kind>archive</kind>
         <file>rts2800_fpu32.lib</file>
         <name>fd_add28.asm.obj</name>
      </input_file>
      <input_file id="fl-3b">
         <path>E:\TI\CCS1230\ccs\tools\compiler\ti-cgt-c2000_22.6.0.LTS\lib\</path>
         <kind>archive</kind>
         <file>rts2800_fpu32.lib</file>
         <name>fd_mpy28.asm.obj</name>
      </input_file>
      <input_file id="fl-3c">
         <path>E:\TI\CCS1230\ccs\tools\compiler\ti-cgt-c2000_22.6.0.LTS\lib\</path>
         <kind>archive</kind>
         <file>rts2800_fpu32.lib</file>
         <name>fd_sub28.asm.obj</name>
      </input_file>
      <input_file id="fl-3d">
         <path>E:\TI\CCS1230\ccs\tools\compiler\ti-cgt-c2000_22.6.0.LTS\lib\</path>
         <kind>archive</kind>
         <file>rts2800_fpu32.lib</file>
         <name>fs_div28.asm.obj</name>
      </input_file>
      <input_file id="fl-3e">
         <path>E:\TI\CCS1230\ccs\tools\compiler\ti-cgt-c2000_22.6.0.LTS\lib\</path>
         <kind>archive</kind>
         <file>rts2800_fpu32.lib</file>
         <name>ll_aox28.asm.obj</name>
      </input_file>
      <input_file id="fl-3f">
         <path>E:\TI\CCS1230\ccs\tools\compiler\ti-cgt-c2000_22.6.0.LTS\lib\</path>
         <kind>archive</kind>
         <file>rts2800_fpu32.lib</file>
         <name>fs_tofdfpu32.asm.obj</name>
      </input_file>
      <input_file id="fl-40">
         <path>E:\TI\CCS1230\ccs\tools\compiler\ti-cgt-c2000_22.6.0.LTS\lib\</path>
         <kind>archive</kind>
         <file>rts2800_fpu32.lib</file>
         <name>fd_tofsfpu32.asm.obj</name>
      </input_file>
      <input_file id="fl-41">
         <path>E:\TI\CCS1230\ccs\tools\compiler\ti-cgt-c2000_22.6.0.LTS\lib\</path>
         <kind>archive</kind>
         <file>rts2800_fpu32.lib</file>
         <name>cpy_tbl.c.obj</name>
      </input_file>
      <input_file id="fl-42">
         <path>E:\TI\CCS1230\ccs\tools\compiler\ti-cgt-c2000_22.6.0.LTS\lib\</path>
         <kind>archive</kind>
         <file>rts2800_fpu32.lib</file>
         <name>memcpy.c.obj</name>
      </input_file>
      <input_file id="fl-43">
         <path>E:\TI\CCS1230\ccs\tools\compiler\ti-cgt-c2000_22.6.0.LTS\lib\</path>
         <kind>archive</kind>
         <file>rts2800_fpu32.lib</file>
         <name>pre_init.c.obj</name>
      </input_file>
      <input_file id="fl-44">
         <path>E:\TI\CCS1230\ccs\tools\compiler\ti-cgt-c2000_22.6.0.LTS\lib\</path>
         <kind>archive</kind>
         <file>rts2800_fpu32.lib</file>
         <name>startup.c.obj</name>
      </input_file>
      <input_file id="fl-45">
         <path>E:\TI\CCS1230\ccs\tools\compiler\ti-cgt-c2000_22.6.0.LTS\lib\</path>
         <kind>archive</kind>
         <file>rts2800_fpu32.lib</file>
         <name>exit.c.obj</name>
      </input_file>
      <input_file id="fl-46">
         <path>E:\TI\CCS1230\ccs\tools\compiler\ti-cgt-c2000_22.6.0.LTS\lib\</path>
         <kind>archive</kind>
         <file>rts2800_fpu32.lib</file>
         <name>_lock.c.obj</name>
      </input_file>
      <input_file id="fl-47">
         <path>E:\TI\CCS1230\ccs\tools\compiler\ti-cgt-c2000_22.6.0.LTS\lib\</path>
         <kind>archive</kind>
         <file>rts2800_fpu32.lib</file>
         <name>args_main.c.obj</name>
      </input_file>
      <input_file id="fl-48">
         <path>E:\TI\CCS1230\ccs\tools\compiler\ti-cgt-c2000_22.6.0.LTS\lib\</path>
         <kind>archive</kind>
         <file>rts2800_fpu32.lib</file>
         <name>memset.c.obj</name>
      </input_file>
      <input_file id="fl-49">
         <path>E:\TI\CCS1230\ccs\tools\compiler\ti-cgt-c2000_22.6.0.LTS\lib\</path>
         <kind>archive</kind>
         <file>rts2800_fpu32.lib</file>
         <name>errno.c.obj</name>
      </input_file>
      <input_file id="fl-4a">
         <path>E:\TI\CCS1230\ccs\tools\compiler\ti-cgt-c2000_22.6.0.LTS\lib\</path>
         <kind>archive</kind>
         <file>rts2800_fpu32.lib</file>
         <name>e_sqrt.c.obj</name>
      </input_file>
      <input_file id="fl-4b">
         <path>E:\TI\CCS1230\ccs\tools\compiler\ti-cgt-c2000_22.6.0.LTS\lib\</path>
         <kind>archive</kind>
         <file>rts2800_fpu32.lib</file>
         <name>fd_cmp28.asm.obj</name>
      </input_file>
   </input_file_list>
   <object_component_list>
      <object_component id="oc-1a5">
         <name>.cinit</name>
         <load_address>0x82000</load_address>
         <run_address>0x82000</run_address>
         <size>0x31</size>
         <input_file_ref idref="fl-21"/>
      </object_component>
      <object_component id="oc-f4">
         <name>.cinit:_TRIP_SEL</name>
         <load_address>0x82031</load_address>
         <run_address>0x82031</run_address>
         <size>0x21</size>
         <input_file_ref idref="fl-1e"/>
      </object_component>
      <object_component id="oc-124">
         <name>.cinit:_EPWM</name>
         <load_address>0x82052</load_address>
         <run_address>0x82052</run_address>
         <size>0x1d</size>
         <input_file_ref idref="fl-1e"/>
      </object_component>
      <object_component id="oc-e4">
         <name>.cinit:_ECAP</name>
         <load_address>0x8206f</load_address>
         <run_address>0x8206f</run_address>
         <size>0x11</size>
         <input_file_ref idref="fl-1e"/>
      </object_component>
      <object_component id="oc-19e">
         <name>.cinit</name>
         <load_address>0x82080</load_address>
         <run_address>0x82080</run_address>
         <size>0xf</size>
         <input_file_ref idref="fl-20"/>
      </object_component>
      <object_component id="oc-210">
         <name>.cinit</name>
         <load_address>0x8208f</load_address>
         <run_address>0x8208f</run_address>
         <size>0xe</size>
         <input_file_ref idref="fl-45"/>
      </object_component>
      <object_component id="oc-11d">
         <name>.cinit:_ADC</name>
         <load_address>0x8209d</load_address>
         <run_address>0x8209d</run_address>
         <size>0xd</size>
         <input_file_ref idref="fl-1e"/>
      </object_component>
      <object_component id="oc-f8">
         <name>.cinit:_EQEP</name>
         <load_address>0x820aa</load_address>
         <run_address>0x820aa</run_address>
         <size>0xb</size>
         <input_file_ref idref="fl-1e"/>
      </object_component>
      <object_component id="oc-da">
         <name>.cinit:_SPI</name>
         <load_address>0x820b5</load_address>
         <run_address>0x820b5</run_address>
         <size>0xb</size>
         <input_file_ref idref="fl-1e"/>
      </object_component>
      <object_component id="oc-118">
         <name>.cinit:_SDFM</name>
         <load_address>0x820c0</load_address>
         <run_address>0x820c0</run_address>
         <size>0x9</size>
         <input_file_ref idref="fl-1e"/>
      </object_component>
      <object_component id="oc-fc">
         <name>.cinit:_I2C</name>
         <load_address>0x820c9</load_address>
         <run_address>0x820c9</run_address>
         <size>0x7</size>
         <input_file_ref idref="fl-1e"/>
      </object_component>
      <object_component id="oc-100">
         <name>.cinit:_MCBSP</name>
         <load_address>0x820d0</load_address>
         <run_address>0x820d0</run_address>
         <size>0x7</size>
         <input_file_ref idref="fl-1e"/>
      </object_component>
      <object_component id="oc-d5">
         <name>.cinit:_SCI</name>
         <load_address>0x820d7</load_address>
         <run_address>0x820d7</run_address>
         <size>0x7</size>
         <input_file_ref idref="fl-1e"/>
      </object_component>
      <object_component id="oc-248">
         <name>.cinit:__lock</name>
         <load_address>0x820de</load_address>
         <run_address>0x820de</run_address>
         <size>0x5</size>
         <input_file_ref idref="fl-46"/>
      </object_component>
      <object_component id="oc-251">
         <name>.cinit:__unlock</name>
         <load_address>0x820e3</load_address>
         <run_address>0x820e3</run_address>
         <size>0x5</size>
         <input_file_ref idref="fl-46"/>
      </object_component>
      <object_component id="oc-18b">
         <name>.cinit</name>
         <load_address>0x820e8</load_address>
         <run_address>0x820e8</run_address>
         <size>0x4</size>
         <input_file_ref idref="fl-1c"/>
      </object_component>
      <object_component id="oc-226">
         <name>.cinit</name>
         <load_address>0x820ec</load_address>
         <run_address>0x820ec</run_address>
         <size>0x4</size>
         <input_file_ref idref="fl-49"/>
      </object_component>
      <object_component id="oc-a5">
         <name>.text:retain</name>
         <load_address>0x820f4</load_address>
         <run_address>0x820f4</run_address>
         <size>0x585</size>
         <input_file_ref idref="fl-6"/>
      </object_component>
      <object_component id="oc-24d">
         <name>.text</name>
         <load_address>0x82679</load_address>
         <run_address>0x82679</run_address>
         <size>0x526</size>
         <input_file_ref idref="fl-20"/>
      </object_component>
      <object_component id="oc-249">
         <name>.text</name>
         <load_address>0x82b9f</load_address>
         <run_address>0x82b9f</run_address>
         <size>0x4b4</size>
         <input_file_ref idref="fl-18"/>
      </object_component>
      <object_component id="oc-24e">
         <name>.text</name>
         <load_address>0x83053</load_address>
         <run_address>0x83053</run_address>
         <size>0x483</size>
         <input_file_ref idref="fl-23"/>
      </object_component>
      <object_component id="oc-243">
         <name>.text</name>
         <load_address>0x834d6</load_address>
         <run_address>0x834d6</run_address>
         <size>0x244</size>
         <input_file_ref idref="fl-d"/>
      </object_component>
      <object_component id="oc-24a">
         <name>.text</name>
         <load_address>0x8371a</load_address>
         <run_address>0x8371a</run_address>
         <size>0x121</size>
         <input_file_ref idref="fl-9"/>
      </object_component>
      <object_component id="oc-254">
         <name>.text</name>
         <load_address>0x8383b</load_address>
         <run_address>0x8383b</run_address>
         <size>0xf0</size>
         <input_file_ref idref="fl-2"/>
      </object_component>
      <object_component id="oc-1d8">
         <name>.text</name>
         <load_address>0x8392b</load_address>
         <run_address>0x8392b</run_address>
         <size>0x9c</size>
         <input_file_ref idref="fl-3a"/>
      </object_component>
      <object_component id="oc-1e7">
         <name>.text</name>
         <load_address>0x839c7</load_address>
         <run_address>0x839c7</run_address>
         <size>0x88</size>
         <input_file_ref idref="fl-3d"/>
      </object_component>
      <object_component id="oc-1dd">
         <name>.text</name>
         <load_address>0x83a4f</load_address>
         <run_address>0x83a4f</run_address>
         <size>0x83</size>
         <input_file_ref idref="fl-3b"/>
      </object_component>
      <object_component id="oc-24f">
         <name>.text</name>
         <load_address>0x83ad2</load_address>
         <run_address>0x83ad2</run_address>
         <size>0x7c</size>
         <input_file_ref idref="fl-4"/>
      </object_component>
      <object_component id="oc-8d">
         <name>.text</name>
         <load_address>0x83b4e</load_address>
         <run_address>0x83b4e</run_address>
         <size>0x56</size>
         <input_file_ref idref="fl-39"/>
      </object_component>
      <object_component id="oc-246">
         <name>.text</name>
         <load_address>0x83ba4</load_address>
         <run_address>0x83ba4</run_address>
         <size>0x39</size>
         <input_file_ref idref="fl-27"/>
      </object_component>
      <object_component id="oc-1c7">
         <name>.text:retain</name>
         <load_address>0x83bdd</load_address>
         <run_address>0x83bdd</run_address>
         <size>0x39</size>
         <input_file_ref idref="fl-27"/>
      </object_component>
      <object_component id="oc-22f">
         <name>.text</name>
         <load_address>0x83c16</load_address>
         <run_address>0x83c16</run_address>
         <size>0x2a</size>
         <input_file_ref idref="fl-4b"/>
      </object_component>
      <object_component id="oc-238">
         <name>.text</name>
         <load_address>0x83c40</load_address>
         <run_address>0x83c40</run_address>
         <size>0x29</size>
         <input_file_ref idref="fl-45"/>
      </object_component>
      <object_component id="oc-24b">
         <name>.text</name>
         <load_address>0x83c69</load_address>
         <run_address>0x83c69</run_address>
         <size>0x28</size>
         <input_file_ref idref="fl-14"/>
      </object_component>
      <object_component id="oc-24c">
         <name>.text</name>
         <load_address>0x83c91</load_address>
         <run_address>0x83c91</run_address>
         <size>0x26</size>
         <input_file_ref idref="fl-15"/>
      </object_component>
      <object_component id="oc-235">
         <name>.text</name>
         <load_address>0x83cb7</load_address>
         <run_address>0x83cb7</run_address>
         <size>0x24</size>
         <input_file_ref idref="fl-41"/>
      </object_component>
      <object_component id="oc-1f6">
         <name>.text</name>
         <load_address>0x83cdb</load_address>
         <run_address>0x83cdb</run_address>
         <size>0x23</size>
         <input_file_ref idref="fl-40"/>
      </object_component>
      <object_component id="oc-245">
         <name>.text</name>
         <load_address>0x83cfe</load_address>
         <run_address>0x83cfe</run_address>
         <size>0x1d</size>
         <input_file_ref idref="fl-42"/>
      </object_component>
      <object_component id="oc-1f1">
         <name>.text</name>
         <load_address>0x83d1b</load_address>
         <run_address>0x83d1b</run_address>
         <size>0x1c</size>
         <input_file_ref idref="fl-3f"/>
      </object_component>
      <object_component id="oc-1ec">
         <name>.text</name>
         <load_address>0x83d37</load_address>
         <run_address>0x83d37</run_address>
         <size>0x18</size>
         <input_file_ref idref="fl-3e"/>
      </object_component>
      <object_component id="oc-237">
         <name>.text</name>
         <load_address>0x83d4f</load_address>
         <run_address>0x83d4f</run_address>
         <size>0x12</size>
         <input_file_ref idref="fl-47"/>
      </object_component>
      <object_component id="oc-1e2">
         <name>.text</name>
         <load_address>0x83d61</load_address>
         <run_address>0x83d61</run_address>
         <size>0xe</size>
         <input_file_ref idref="fl-3c"/>
      </object_component>
      <object_component id="oc-250">
         <name>.text</name>
         <load_address>0x83d6f</load_address>
         <run_address>0x83d6f</run_address>
         <size>0x9</size>
         <input_file_ref idref="fl-46"/>
      </object_component>
      <object_component id="oc-93">
         <name>.text</name>
         <load_address>0x83d78</load_address>
         <run_address>0x83d78</run_address>
         <size>0x8</size>
         <input_file_ref idref="fl-3"/>
      </object_component>
      <object_component id="oc-9f">
         <name>.text</name>
         <load_address>0x83d80</load_address>
         <run_address>0x83d80</run_address>
         <size>0x3</size>
         <input_file_ref idref="fl-5"/>
      </object_component>
      <object_component id="oc-234">
         <name>.text</name>
         <load_address>0x83d83</load_address>
         <run_address>0x83d83</run_address>
         <size>0x2</size>
         <input_file_ref idref="fl-43"/>
      </object_component>
      <object_component id="oc-236">
         <name>.text</name>
         <load_address>0x83d85</load_address>
         <run_address>0x83d85</run_address>
         <size>0x1</size>
         <input_file_ref idref="fl-44"/>
      </object_component>
      <object_component id="oc-94">
         <name>codestart</name>
         <load_address>0x80000</load_address>
         <run_address>0x80000</run_address>
         <size>0x2</size>
         <input_file_ref idref="fl-3"/>
      </object_component>
      <object_component id="oc-244">
         <name>.TI.ramfunc</name>
         <load_address>0x86000</load_address>
         <run_address>0x8000</run_address>
         <size>0x283</size>
         <input_file_ref idref="fl-20"/>
      </object_component>
      <object_component id="oc-252">
         <name>.TI.ramfunc</name>
         <load_address>0x86283</load_address>
         <run_address>0x8283</run_address>
         <size>0x37</size>
         <input_file_ref idref="fl-18"/>
      </object_component>
      <object_component id="oc-198">
         <name>.TI.ramfunc</name>
         <load_address>0x862ba</load_address>
         <run_address>0x82ba</run_address>
         <size>0x4</size>
         <input_file_ref idref="fl-1f"/>
      </object_component>
      <object_component id="oc-1d2">
         <name>.stack</name>
         <uninitialized>true</uninitialized>
         <run_address>0x400</run_address>
         <size>0x0</size>
         <input_file_ref idref="fl-39"/>
      </object_component>
      <object_component id="oc-2e8">
         <name>.stack</name>
         <uninitialized>true</uninitialized>
         <run_address>0x400</run_address>
         <size>0x0</size>
      </object_component>
      <object_component id="oc-1a6">
         <name>.ebss</name>
         <uninitialized>true</uninitialized>
         <run_address>0xa800</run_address>
         <size>0xb0</size>
         <input_file_ref idref="fl-21"/>
      </object_component>
      <object_component id="oc-23b">
         <name>.ebss:_ECAP</name>
         <uninitialized>true</uninitialized>
         <run_address>0xa8b0</run_address>
         <size>0xe</size>
         <input_file_ref idref="fl-1e"/>
      </object_component>
      <object_component id="oc-247">
         <name>.ebss:__lock</name>
         <uninitialized>true</uninitialized>
         <run_address>0xa8be</run_address>
         <size>0x2</size>
         <input_file_ref idref="fl-46"/>
      </object_component>
      <object_component id="oc-19f">
         <name>.ebss</name>
         <uninitialized>true</uninitialized>
         <run_address>0xa8c0</run_address>
         <size>0xa8</size>
         <input_file_ref idref="fl-20"/>
      </object_component>
      <object_component id="oc-9a">
         <name>.ebss</name>
         <uninitialized>true</uninitialized>
         <run_address>0xa968</run_address>
         <size>0x18</size>
         <input_file_ref idref="fl-4"/>
      </object_component>
      <object_component id="oc-23c">
         <name>.ebss:_TRIP_SEL</name>
         <uninitialized>true</uninitialized>
         <run_address>0xa980</run_address>
         <size>0x1e</size>
         <input_file_ref idref="fl-1e"/>
      </object_component>
      <object_component id="oc-242">
         <name>.ebss:_EPWM</name>
         <uninitialized>true</uninitialized>
         <run_address>0xa99e</run_address>
         <size>0x1a</size>
         <input_file_ref idref="fl-1e"/>
      </object_component>
      <object_component id="oc-1b6">
         <name>.ebss</name>
         <uninitialized>true</uninitialized>
         <run_address>0xa9b8</run_address>
         <size>0x8</size>
         <input_file_ref idref="fl-24"/>
      </object_component>
      <object_component id="oc-241">
         <name>.ebss:_ADC</name>
         <uninitialized>true</uninitialized>
         <run_address>0xa9c0</run_address>
         <size>0xa</size>
         <input_file_ref idref="fl-1e"/>
      </object_component>
      <object_component id="oc-23d">
         <name>.ebss:_EQEP</name>
         <uninitialized>true</uninitialized>
         <run_address>0xa9ca</run_address>
         <size>0x8</size>
         <input_file_ref idref="fl-1e"/>
      </object_component>
      <object_component id="oc-23a">
         <name>.ebss:_SPI</name>
         <uninitialized>true</uninitialized>
         <run_address>0xa9d2</run_address>
         <size>0x8</size>
         <input_file_ref idref="fl-1e"/>
      </object_component>
      <object_component id="oc-17b">
         <name>.ebss</name>
         <uninitialized>true</uninitialized>
         <run_address>0xa9da</run_address>
         <size>0x6</size>
         <input_file_ref idref="fl-19"/>
      </object_component>
      <object_component id="oc-240">
         <name>.ebss:_SDFM</name>
         <uninitialized>true</uninitialized>
         <run_address>0xa9e0</run_address>
         <size>0x6</size>
         <input_file_ref idref="fl-1e"/>
      </object_component>
      <object_component id="oc-211">
         <name>.ebss</name>
         <uninitialized>true</uninitialized>
         <run_address>0xa9e6</run_address>
         <size>0x6</size>
         <input_file_ref idref="fl-45"/>
      </object_component>
      <object_component id="oc-23e">
         <name>.ebss:_I2C</name>
         <uninitialized>true</uninitialized>
         <run_address>0xa9ec</run_address>
         <size>0x4</size>
         <input_file_ref idref="fl-1e"/>
      </object_component>
      <object_component id="oc-23f">
         <name>.ebss:_MCBSP</name>
         <uninitialized>true</uninitialized>
         <run_address>0xa9f0</run_address>
         <size>0x4</size>
         <input_file_ref idref="fl-1e"/>
      </object_component>
      <object_component id="oc-239">
         <name>.ebss:_SCI</name>
         <uninitialized>true</uninitialized>
         <run_address>0xa9f4</run_address>
         <size>0x4</size>
         <input_file_ref idref="fl-1e"/>
      </object_component>
      <object_component id="oc-255">
         <name>.ebss:__unlock</name>
         <uninitialized>true</uninitialized>
         <run_address>0xa9f8</run_address>
         <size>0x2</size>
         <input_file_ref idref="fl-46"/>
      </object_component>
      <object_component id="oc-18c">
         <name>.ebss</name>
         <uninitialized>true</uninitialized>
         <run_address>0xa9fa</run_address>
         <size>0x1</size>
         <input_file_ref idref="fl-1c"/>
      </object_component>
      <object_component id="oc-1bc">
         <name>.ebss</name>
         <uninitialized>true</uninitialized>
         <run_address>0xa9fb</run_address>
         <size>0x1</size>
         <input_file_ref idref="fl-25"/>
      </object_component>
      <object_component id="oc-227">
         <name>.ebss</name>
         <uninitialized>true</uninitialized>
         <run_address>0xa9fc</run_address>
         <size>0x1</size>
         <input_file_ref idref="fl-49"/>
      </object_component>
      <object_component id="oc-253">
         <name>.econst:_PieVectTableInit</name>
         <load_address>0x90000</load_address>
         <run_address>0x90000</run_address>
         <size>0x1c0</size>
         <input_file_ref idref="fl-15"/>
      </object_component>
      <object_component id="oc-1cd">
         <name>.econst</name>
         <load_address>0x901c0</load_address>
         <run_address>0x901c0</run_address>
         <size>0x14</size>
         <input_file_ref idref="fl-38"/>
      </object_component>
      <object_component id="oc-22a">
         <name>.econst</name>
         <load_address>0x901d4</load_address>
         <run_address>0x901d4</run_address>
         <size>0xc</size>
         <input_file_ref idref="fl-4a"/>
      </object_component>
      <object_component id="oc-1d3">
         <name>.reset</name>
         <load_address>0x3fffc0</load_address>
         <run_address>0x3fffc0</run_address>
         <size>0x2</size>
         <input_file_ref idref="fl-39"/>
      </object_component>
      <object_component id="oc-14f">
         <name>PUTBUFFER</name>
         <uninitialized>true</uninitialized>
         <run_address>0x3fc00</run_address>
         <size>0x80</size>
         <input_file_ref idref="fl-10"/>
      </object_component>
      <object_component id="oc-14b">
         <name>PUTWRITEIDX</name>
         <uninitialized>true</uninitialized>
         <run_address>0x3fc80</run_address>
         <size>0x4</size>
         <input_file_ref idref="fl-10"/>
      </object_component>
      <object_component id="oc-14e">
         <name>GETREADIDX</name>
         <uninitialized>true</uninitialized>
         <run_address>0x3fc84</run_address>
         <size>0x4</size>
         <input_file_ref idref="fl-10"/>
      </object_component>
      <object_component id="oc-150">
         <name>GETBUFFER</name>
         <uninitialized>true</uninitialized>
         <run_address>0x3f800</run_address>
         <size>0x80</size>
         <input_file_ref idref="fl-10"/>
      </object_component>
      <object_component id="oc-14d">
         <name>GETWRITEIDX</name>
         <uninitialized>true</uninitialized>
         <run_address>0x3f880</run_address>
         <size>0x4</size>
         <input_file_ref idref="fl-10"/>
      </object_component>
      <object_component id="oc-14c">
         <name>PUTREADIDX</name>
         <uninitialized>true</uninitialized>
         <run_address>0x3f884</run_address>
         <size>0x4</size>
         <input_file_ref idref="fl-10"/>
      </object_component>
      <object_component id="oc-139">
         <name>PieVectTableFile</name>
         <uninitialized>true</uninitialized>
         <run_address>0xd00</run_address>
         <size>0x1c0</size>
         <input_file_ref idref="fl-c"/>
      </object_component>
      <object_component id="oc-106">
         <name>AccessProtectionRegsFile</name>
         <uninitialized>true</uninitialized>
         <run_address>0x5f4c0</run_address>
         <size>0x2e</size>
         <input_file_ref idref="fl-c"/>
      </object_component>
      <object_component id="oc-11c">
         <name>AdcaRegsFile</name>
         <uninitialized>true</uninitialized>
         <run_address>0x7400</run_address>
         <size>0x7c</size>
         <input_file_ref idref="fl-c"/>
      </object_component>
      <object_component id="oc-11e">
         <name>AdcbRegsFile</name>
         <uninitialized>true</uninitialized>
         <run_address>0x7480</run_address>
         <size>0x7c</size>
         <input_file_ref idref="fl-c"/>
      </object_component>
      <object_component id="oc-11f">
         <name>AdccRegsFile</name>
         <uninitialized>true</uninitialized>
         <run_address>0x7500</run_address>
         <size>0x7c</size>
         <input_file_ref idref="fl-c"/>
      </object_component>
      <object_component id="oc-120">
         <name>AdcdRegsFile</name>
         <uninitialized>true</uninitialized>
         <run_address>0x7580</run_address>
         <size>0x7c</size>
         <input_file_ref idref="fl-c"/>
      </object_component>
      <object_component id="oc-de">
         <name>AdcaResultRegsFile</name>
         <uninitialized>true</uninitialized>
         <run_address>0xb00</run_address>
         <size>0x18</size>
         <input_file_ref idref="fl-c"/>
      </object_component>
      <object_component id="oc-df">
         <name>AdcbResultRegsFile</name>
         <uninitialized>true</uninitialized>
         <run_address>0xb20</run_address>
         <size>0x18</size>
         <input_file_ref idref="fl-c"/>
      </object_component>
      <object_component id="oc-e0">
         <name>AdccResultRegsFile</name>
         <uninitialized>true</uninitialized>
         <run_address>0xb40</run_address>
         <size>0x18</size>
         <input_file_ref idref="fl-c"/>
      </object_component>
      <object_component id="oc-e1">
         <name>AdcdResultRegsFile</name>
         <uninitialized>true</uninitialized>
         <run_address>0xb60</run_address>
         <size>0x18</size>
         <input_file_ref idref="fl-c"/>
      </object_component>
      <object_component id="oc-10a">
         <name>AnalogSubsysRegsFile</name>
         <uninitialized>true</uninitialized>
         <run_address>0x5d180</run_address>
         <size>0x3e</size>
         <input_file_ref idref="fl-c"/>
      </object_component>
      <object_component id="oc-135">
         <name>CanaRegsFile</name>
         <uninitialized>true</uninitialized>
         <run_address>0x48000</run_address>
         <size>0x164</size>
         <input_file_ref idref="fl-c"/>
      </object_component>
      <object_component id="oc-136">
         <name>CanbRegsFile</name>
         <uninitialized>true</uninitialized>
         <run_address>0x4a000</run_address>
         <size>0x164</size>
         <input_file_ref idref="fl-c"/>
      </object_component>
      <object_component id="oc-10b">
         <name>Cla1RegsFile</name>
         <uninitialized>true</uninitialized>
         <run_address>0x1400</run_address>
         <size>0x3e</size>
         <input_file_ref idref="fl-c"/>
      </object_component>
      <object_component id="oc-130">
         <name>Clb1DataExchRegsFile</name>
         <uninitialized>true</uninitialized>
         <run_address>0x3200</run_address>
         <size>0x108</size>
         <input_file_ref idref="fl-c"/>
      </object_component>
      <object_component id="oc-131">
         <name>Clb2DataExchRegsFile</name>
         <uninitialized>true</uninitialized>
         <run_address>0x3600</run_address>
         <size>0x108</size>
         <input_file_ref idref="fl-c"/>
      </object_component>
      <object_component id="oc-132">
         <name>Clb3DataExchRegsFile</name>
         <uninitialized>true</uninitialized>
         <run_address>0x3a00</run_address>
         <size>0x108</size>
         <input_file_ref idref="fl-c"/>
      </object_component>
      <object_component id="oc-133">
         <name>Clb4DataExchRegsFile</name>
         <uninitialized>true</uninitialized>
         <run_address>0x3e00</run_address>
         <size>0x108</size>
         <input_file_ref idref="fl-c"/>
      </object_component>
      <object_component id="oc-10c">
         <name>Clb1LogicCfgRegsFile</name>
         <uninitialized>true</uninitialized>
         <run_address>0x3000</run_address>
         <size>0x3e</size>
         <input_file_ref idref="fl-c"/>
      </object_component>
      <object_component id="oc-10d">
         <name>Clb2LogicCfgRegsFile</name>
         <uninitialized>true</uninitialized>
         <run_address>0x3400</run_address>
         <size>0x3e</size>
         <input_file_ref idref="fl-c"/>
      </object_component>
      <object_component id="oc-10e">
         <name>Clb3LogicCfgRegsFile</name>
         <uninitialized>true</uninitialized>
         <run_address>0x3800</run_address>
         <size>0x3e</size>
         <input_file_ref idref="fl-c"/>
      </object_component>
      <object_component id="oc-10f">
         <name>Clb4LogicCfgRegsFile</name>
         <uninitialized>true</uninitialized>
         <run_address>0x3c00</run_address>
         <size>0x3e</size>
         <input_file_ref idref="fl-c"/>
      </object_component>
      <object_component id="oc-110">
         <name>Clb1LogicCtrlRegsFile</name>
         <uninitialized>true</uninitialized>
         <run_address>0x3100</run_address>
         <size>0x40</size>
         <input_file_ref idref="fl-c"/>
      </object_component>
      <object_component id="oc-111">
         <name>Clb2LogicCtrlRegsFile</name>
         <uninitialized>true</uninitialized>
         <run_address>0x3500</run_address>
         <size>0x40</size>
         <input_file_ref idref="fl-c"/>
      </object_component>
      <object_component id="oc-112">
         <name>Clb3LogicCtrlRegsFile</name>
         <uninitialized>true</uninitialized>
         <run_address>0x3900</run_address>
         <size>0x40</size>
         <input_file_ref idref="fl-c"/>
      </object_component>
      <object_component id="oc-113">
         <name>Clb4LogicCtrlRegsFile</name>
         <uninitialized>true</uninitialized>
         <run_address>0x3d00</run_address>
         <size>0x40</size>
         <input_file_ref idref="fl-c"/>
      </object_component>
      <object_component id="oc-114">
         <name>ClbXbarRegsFile</name>
         <uninitialized>true</uninitialized>
         <run_address>0x7a40</run_address>
         <size>0x40</size>
         <input_file_ref idref="fl-c"/>
      </object_component>
      <object_component id="oc-108">
         <name>ClkCfgRegsFile</name>
         <uninitialized>true</uninitialized>
         <run_address>0x5d200</run_address>
         <size>0x32</size>
         <input_file_ref idref="fl-c"/>
      </object_component>
      <object_component id="oc-eb">
         <name>Cmpss1RegsFile</name>
         <uninitialized>true</uninitialized>
         <run_address>0x5c80</run_address>
         <size>0x1b</size>
         <input_file_ref idref="fl-c"/>
      </object_component>
      <object_component id="oc-ec">
         <name>Cmpss2RegsFile</name>
         <uninitialized>true</uninitialized>
         <run_address>0x5ca0</run_address>
         <size>0x1b</size>
         <input_file_ref idref="fl-c"/>
      </object_component>
      <object_component id="oc-ed">
         <name>Cmpss3RegsFile</name>
         <uninitialized>true</uninitialized>
         <run_address>0x5cc0</run_address>
         <size>0x1b</size>
         <input_file_ref idref="fl-c"/>
      </object_component>
      <object_component id="oc-ee">
         <name>Cmpss4RegsFile</name>
         <uninitialized>true</uninitialized>
         <run_address>0x5ce0</run_address>
         <size>0x1b</size>
         <input_file_ref idref="fl-c"/>
      </object_component>
      <object_component id="oc-ef">
         <name>Cmpss5RegsFile</name>
         <uninitialized>true</uninitialized>
         <run_address>0x5d00</run_address>
         <size>0x1b</size>
         <input_file_ref idref="fl-c"/>
      </object_component>
      <object_component id="oc-f0">
         <name>Cmpss6RegsFile</name>
         <uninitialized>true</uninitialized>
         <run_address>0x5d20</run_address>
         <size>0x1b</size>
         <input_file_ref idref="fl-c"/>
      </object_component>
      <object_component id="oc-f1">
         <name>Cmpss7RegsFile</name>
         <uninitialized>true</uninitialized>
         <run_address>0x5d40</run_address>
         <size>0x1b</size>
         <input_file_ref idref="fl-c"/>
      </object_component>
      <object_component id="oc-f2">
         <name>Cmpss8RegsFile</name>
         <uninitialized>true</uninitialized>
         <run_address>0x5d60</run_address>
         <size>0x1b</size>
         <input_file_ref idref="fl-c"/>
      </object_component>
      <object_component id="oc-cd">
         <name>CpuTimer0RegsFile</name>
         <uninitialized>true</uninitialized>
         <run_address>0xc00</run_address>
         <size>0x8</size>
         <input_file_ref idref="fl-c"/>
      </object_component>
      <object_component id="oc-ce">
         <name>CpuTimer1RegsFile</name>
         <uninitialized>true</uninitialized>
         <run_address>0xc08</run_address>
         <size>0x8</size>
         <input_file_ref idref="fl-c"/>
      </object_component>
      <object_component id="oc-cf">
         <name>CpuTimer2RegsFile</name>
         <uninitialized>true</uninitialized>
         <run_address>0xc10</run_address>
         <size>0x8</size>
         <input_file_ref idref="fl-c"/>
      </object_component>
      <object_component id="oc-121">
         <name>CpuSysRegsFile</name>
         <uninitialized>true</uninitialized>
         <run_address>0x5d300</run_address>
         <size>0x82</size>
         <input_file_ref idref="fl-c"/>
      </object_component>
      <object_component id="oc-c9">
         <name>DacaRegsFile</name>
         <uninitialized>true</uninitialized>
         <run_address>0x5c00</run_address>
         <size>0x7</size>
         <input_file_ref idref="fl-c"/>
      </object_component>
      <object_component id="oc-ca">
         <name>DacbRegsFile</name>
         <uninitialized>true</uninitialized>
         <run_address>0x5c10</run_address>
         <size>0x7</size>
         <input_file_ref idref="fl-c"/>
      </object_component>
      <object_component id="oc-cb">
         <name>DaccRegsFile</name>
         <uninitialized>true</uninitialized>
         <run_address>0x5c20</run_address>
         <size>0x7</size>
         <input_file_ref idref="fl-c"/>
      </object_component>
      <object_component id="oc-c7">
         <name>DcsmCommonRegsFile</name>
         <uninitialized>true</uninitialized>
         <run_address>0x5f070</run_address>
         <size>0x6</size>
         <input_file_ref idref="fl-c"/>
      </object_component>
      <object_component id="oc-f5">
         <name>DcsmZ1RegsFile</name>
         <uninitialized>true</uninitialized>
         <run_address>0x5f000</run_address>
         <size>0x22</size>
         <input_file_ref idref="fl-c"/>
      </object_component>
      <object_component id="oc-f6">
         <name>DcsmZ2RegsFile</name>
         <uninitialized>true</uninitialized>
         <run_address>0x5f040</run_address>
         <size>0x22</size>
         <input_file_ref idref="fl-c"/>
      </object_component>
      <object_component id="oc-134">
         <name>DevCfgRegsFile</name>
         <uninitialized>true</uninitialized>
         <run_address>0x5d000</run_address>
         <size>0x12e</size>
         <input_file_ref idref="fl-c"/>
      </object_component>
      <object_component id="oc-e2">
         <name>DmaClaSrcSelRegsFile</name>
         <uninitialized>true</uninitialized>
         <run_address>0x7980</run_address>
         <size>0x1a</size>
         <input_file_ref idref="fl-c"/>
      </object_component>
      <object_component id="oc-122">
         <name>DmaRegsFile</name>
         <uninitialized>true</uninitialized>
         <run_address>0x1000</run_address>
         <size>0xe0</size>
         <input_file_ref idref="fl-c"/>
      </object_component>
      <object_component id="oc-e3">
         <name>ECap1RegsFile</name>
         <uninitialized>true</uninitialized>
         <run_address>0x5000</run_address>
         <size>0x1a</size>
         <input_file_ref idref="fl-c"/>
      </object_component>
      <object_component id="oc-e5">
         <name>ECap2RegsFile</name>
         <uninitialized>true</uninitialized>
         <run_address>0x5020</run_address>
         <size>0x1a</size>
         <input_file_ref idref="fl-c"/>
      </object_component>
      <object_component id="oc-e6">
         <name>ECap3RegsFile</name>
         <uninitialized>true</uninitialized>
         <run_address>0x5040</run_address>
         <size>0x1a</size>
         <input_file_ref idref="fl-c"/>
      </object_component>
      <object_component id="oc-e7">
         <name>ECap4RegsFile</name>
         <uninitialized>true</uninitialized>
         <run_address>0x5060</run_address>
         <size>0x1a</size>
         <input_file_ref idref="fl-c"/>
      </object_component>
      <object_component id="oc-e8">
         <name>ECap5RegsFile</name>
         <uninitialized>true</uninitialized>
         <run_address>0x5080</run_address>
         <size>0x1a</size>
         <input_file_ref idref="fl-c"/>
      </object_component>
      <object_component id="oc-e9">
         <name>ECap6RegsFile</name>
         <uninitialized>true</uninitialized>
         <run_address>0x50a0</run_address>
         <size>0x1a</size>
         <input_file_ref idref="fl-c"/>
      </object_component>
      <object_component id="oc-d0">
         <name>Emif1ConfigRegsFile</name>
         <uninitialized>true</uninitialized>
         <run_address>0x5f480</run_address>
         <size>0xa</size>
         <input_file_ref idref="fl-c"/>
      </object_component>
      <object_component id="oc-d1">
         <name>Emif2ConfigRegsFile</name>
         <uninitialized>true</uninitialized>
         <run_address>0x5f4a0</run_address>
         <size>0xa</size>
         <input_file_ref idref="fl-c"/>
      </object_component>
      <object_component id="oc-102">
         <name>Emif1RegsFile</name>
         <uninitialized>true</uninitialized>
         <run_address>0x47000</run_address>
         <size>0x28</size>
         <input_file_ref idref="fl-c"/>
      </object_component>
      <object_component id="oc-103">
         <name>Emif2RegsFile</name>
         <uninitialized>true</uninitialized>
         <run_address>0x47800</run_address>
         <size>0x28</size>
         <input_file_ref idref="fl-c"/>
      </object_component>
      <object_component id="oc-123">
         <name>EPwm1RegsFile</name>
         <uninitialized>true</uninitialized>
         <run_address>0x4000</run_address>
         <size>0x100</size>
         <input_file_ref idref="fl-c"/>
      </object_component>
      <object_component id="oc-125">
         <name>EPwm2RegsFile</name>
         <uninitialized>true</uninitialized>
         <run_address>0x4100</run_address>
         <size>0x100</size>
         <input_file_ref idref="fl-c"/>
      </object_component>
      <object_component id="oc-126">
         <name>EPwm3RegsFile</name>
         <uninitialized>true</uninitialized>
         <run_address>0x4200</run_address>
         <size>0x100</size>
         <input_file_ref idref="fl-c"/>
      </object_component>
      <object_component id="oc-127">
         <name>EPwm4RegsFile</name>
         <uninitialized>true</uninitialized>
         <run_address>0x4300</run_address>
         <size>0x100</size>
         <input_file_ref idref="fl-c"/>
      </object_component>
      <object_component id="oc-128">
         <name>EPwm5RegsFile</name>
         <uninitialized>true</uninitialized>
         <run_address>0x4400</run_address>
         <size>0x100</size>
         <input_file_ref idref="fl-c"/>
      </object_component>
      <object_component id="oc-129">
         <name>EPwm6RegsFile</name>
         <uninitialized>true</uninitialized>
         <run_address>0x4500</run_address>
         <size>0x100</size>
         <input_file_ref idref="fl-c"/>
      </object_component>
      <object_component id="oc-12a">
         <name>EPwm7RegsFile</name>
         <uninitialized>true</uninitialized>
         <run_address>0x4600</run_address>
         <size>0x100</size>
         <input_file_ref idref="fl-c"/>
      </object_component>
      <object_component id="oc-12b">
         <name>EPwm8RegsFile</name>
         <uninitialized>true</uninitialized>
         <run_address>0x4700</run_address>
         <size>0x100</size>
         <input_file_ref idref="fl-c"/>
      </object_component>
      <object_component id="oc-12c">
         <name>EPwm9RegsFile</name>
         <uninitialized>true</uninitialized>
         <run_address>0x4800</run_address>
         <size>0x100</size>
         <input_file_ref idref="fl-c"/>
      </object_component>
      <object_component id="oc-12d">
         <name>EPwm10RegsFile</name>
         <uninitialized>true</uninitialized>
         <run_address>0x4900</run_address>
         <size>0x100</size>
         <input_file_ref idref="fl-c"/>
      </object_component>
      <object_component id="oc-12e">
         <name>EPwm11RegsFile</name>
         <uninitialized>true</uninitialized>
         <run_address>0x4a00</run_address>
         <size>0x100</size>
         <input_file_ref idref="fl-c"/>
      </object_component>
      <object_component id="oc-12f">
         <name>EPwm12RegsFile</name>
         <uninitialized>true</uninitialized>
         <run_address>0x4b00</run_address>
         <size>0x100</size>
         <input_file_ref idref="fl-c"/>
      </object_component>
      <object_component id="oc-115">
         <name>EPwmXbarRegsFile</name>
         <uninitialized>true</uninitialized>
         <run_address>0x7a00</run_address>
         <size>0x40</size>
         <input_file_ref idref="fl-c"/>
      </object_component>
      <object_component id="oc-f7">
         <name>EQep1RegsFile</name>
         <uninitialized>true</uninitialized>
         <run_address>0x5100</run_address>
         <size>0x22</size>
         <input_file_ref idref="fl-c"/>
      </object_component>
      <object_component id="oc-f9">
         <name>EQep2RegsFile</name>
         <uninitialized>true</uninitialized>
         <run_address>0x5140</run_address>
         <size>0x22</size>
         <input_file_ref idref="fl-c"/>
      </object_component>
      <object_component id="oc-fa">
         <name>EQep3RegsFile</name>
         <uninitialized>true</uninitialized>
         <run_address>0x5180</run_address>
         <size>0x22</size>
         <input_file_ref idref="fl-c"/>
      </object_component>
      <object_component id="oc-138">
         <name>Flash0CtrlRegsFile</name>
         <uninitialized>true</uninitialized>
         <run_address>0x5f800</run_address>
         <size>0x182</size>
         <input_file_ref idref="fl-c"/>
      </object_component>
      <object_component id="oc-104">
         <name>Flash0EccRegsFile</name>
         <uninitialized>true</uninitialized>
         <run_address>0x5fb00</run_address>
         <size>0x28</size>
         <input_file_ref idref="fl-c"/>
      </object_component>
      <object_component id="oc-c4">
         <name>FlashPumpSemaphoreRegsFile</name>
         <uninitialized>true</uninitialized>
         <run_address>0x50024</run_address>
         <size>0x2</size>
         <input_file_ref idref="fl-c"/>
      </object_component>
      <object_component id="oc-137">
         <name>GpioCtrlRegsFile</name>
         <uninitialized>true</uninitialized>
         <run_address>0x7c00</run_address>
         <size>0x180</size>
         <input_file_ref idref="fl-c"/>
      </object_component>
      <object_component id="oc-107">
         <name>GpioDataRegsFile</name>
         <uninitialized>true</uninitialized>
         <run_address>0x7f00</run_address>
         <size>0x30</size>
         <input_file_ref idref="fl-c"/>
      </object_component>
      <object_component id="oc-fb">
         <name>I2caRegsFile</name>
         <uninitialized>true</uninitialized>
         <run_address>0x7300</run_address>
         <size>0x22</size>
         <input_file_ref idref="fl-c"/>
      </object_component>
      <object_component id="oc-fd">
         <name>I2cbRegsFile</name>
         <uninitialized>true</uninitialized>
         <run_address>0x7340</run_address>
         <size>0x22</size>
         <input_file_ref idref="fl-c"/>
      </object_component>
      <object_component id="oc-f3">
         <name>InputXbarRegsFile</name>
         <uninitialized>true</uninitialized>
         <run_address>0x7900</run_address>
         <size>0x20</size>
         <input_file_ref idref="fl-c"/>
      </object_component>
      <object_component id="oc-fe">
         <name>IpcRegsFile</name>
         <uninitialized>true</uninitialized>
         <run_address>0x50000</run_address>
         <size>0x24</size>
         <input_file_ref idref="fl-c"/>
      </object_component>
      <object_component id="oc-109">
         <name>MemoryErrorRegsFile</name>
         <uninitialized>true</uninitialized>
         <run_address>0x5f500</run_address>
         <size>0x3a</size>
         <input_file_ref idref="fl-c"/>
      </object_component>
      <object_component id="oc-11b">
         <name>MemCfgRegsFile</name>
         <uninitialized>true</uninitialized>
         <run_address>0x5f400</run_address>
         <size>0x76</size>
         <input_file_ref idref="fl-c"/>
      </object_component>
      <object_component id="oc-ff">
         <name>McbspaRegsFile</name>
         <uninitialized>true</uninitialized>
         <run_address>0x6000</run_address>
         <size>0x24</size>
         <input_file_ref idref="fl-c"/>
      </object_component>
      <object_component id="oc-101">
         <name>McbspbRegsFile</name>
         <uninitialized>true</uninitialized>
         <run_address>0x6040</run_address>
         <size>0x24</size>
         <input_file_ref idref="fl-c"/>
      </object_component>
      <object_component id="oc-cc">
         <name>NmiIntruptRegsFile</name>
         <uninitialized>true</uninitialized>
         <run_address>0x7060</run_address>
         <size>0x7</size>
         <input_file_ref idref="fl-c"/>
      </object_component>
      <object_component id="oc-116">
         <name>OutputXbarRegsFile</name>
         <uninitialized>true</uninitialized>
         <run_address>0x7a80</run_address>
         <size>0x40</size>
         <input_file_ref idref="fl-c"/>
      </object_component>
      <object_component id="oc-ea">
         <name>PieCtrlRegsFile</name>
         <uninitialized>true</uninitialized>
         <run_address>0xce0</run_address>
         <size>0x1a</size>
         <input_file_ref idref="fl-c"/>
      </object_component>
      <object_component id="oc-c5">
         <name>RomPrefetchRegsFile</name>
         <uninitialized>true</uninitialized>
         <run_address>0x5e608</run_address>
         <size>0x2</size>
         <input_file_ref idref="fl-c"/>
      </object_component>
      <object_component id="oc-c6">
         <name>RomWaitStateRegsFile</name>
         <uninitialized>true</uninitialized>
         <run_address>0x5f540</run_address>
         <size>0x2</size>
         <input_file_ref idref="fl-c"/>
      </object_component>
      <object_component id="oc-d4">
         <name>SciaRegsFile</name>
         <uninitialized>true</uninitialized>
         <run_address>0x7200</run_address>
         <size>0x10</size>
         <input_file_ref idref="fl-c"/>
      </object_component>
      <object_component id="oc-d6">
         <name>ScibRegsFile</name>
         <uninitialized>true</uninitialized>
         <run_address>0x7210</run_address>
         <size>0x10</size>
         <input_file_ref idref="fl-c"/>
      </object_component>
      <object_component id="oc-d7">
         <name>ScicRegsFile</name>
         <uninitialized>true</uninitialized>
         <run_address>0x7220</run_address>
         <size>0x10</size>
         <input_file_ref idref="fl-c"/>
      </object_component>
      <object_component id="oc-d8">
         <name>ScidRegsFile</name>
         <uninitialized>true</uninitialized>
         <run_address>0x7230</run_address>
         <size>0x10</size>
         <input_file_ref idref="fl-c"/>
      </object_component>
      <object_component id="oc-117">
         <name>Sdfm1RegsFile</name>
         <uninitialized>true</uninitialized>
         <run_address>0x5e00</run_address>
         <size>0x48</size>
         <input_file_ref idref="fl-c"/>
      </object_component>
      <object_component id="oc-119">
         <name>Sdfm2RegsFile</name>
         <uninitialized>true</uninitialized>
         <run_address>0x5e80</run_address>
         <size>0x48</size>
         <input_file_ref idref="fl-c"/>
      </object_component>
      <object_component id="oc-d9">
         <name>SpiaRegsFile</name>
         <uninitialized>true</uninitialized>
         <run_address>0x6100</run_address>
         <size>0x10</size>
         <input_file_ref idref="fl-c"/>
      </object_component>
      <object_component id="oc-db">
         <name>SpibRegsFile</name>
         <uninitialized>true</uninitialized>
         <run_address>0x6110</run_address>
         <size>0x10</size>
         <input_file_ref idref="fl-c"/>
      </object_component>
      <object_component id="oc-dc">
         <name>SpicRegsFile</name>
         <uninitialized>true</uninitialized>
         <run_address>0x6120</run_address>
         <size>0x10</size>
         <input_file_ref idref="fl-c"/>
      </object_component>
      <object_component id="oc-c8">
         <name>SyncSocRegsFile</name>
         <uninitialized>true</uninitialized>
         <run_address>0x7940</run_address>
         <size>0x6</size>
         <input_file_ref idref="fl-c"/>
      </object_component>
      <object_component id="oc-11a">
         <name>UppRegsFile</name>
         <uninitialized>true</uninitialized>
         <run_address>0x6200</run_address>
         <size>0x48</size>
         <input_file_ref idref="fl-c"/>
      </object_component>
      <object_component id="oc-105">
         <name>WdRegsFile</name>
         <uninitialized>true</uninitialized>
         <run_address>0x7000</run_address>
         <size>0x2b</size>
         <input_file_ref idref="fl-c"/>
      </object_component>
      <object_component id="oc-dd">
         <name>UidRegsFile</name>
         <uninitialized>true</uninitialized>
         <run_address>0x703c0</run_address>
         <size>0x10</size>
         <input_file_ref idref="fl-c"/>
      </object_component>
      <object_component id="oc-d3">
         <name>XbarRegsFile</name>
         <uninitialized>true</uninitialized>
         <run_address>0x7920</run_address>
         <size>0xe</size>
         <input_file_ref idref="fl-c"/>
      </object_component>
      <object_component id="oc-d2">
         <name>XintRegsFile</name>
         <uninitialized>true</uninitialized>
         <run_address>0x7070</run_address>
         <size>0xb</size>
         <input_file_ref idref="fl-c"/>
      </object_component>
      <object_component id="oc-8e">
         <name>.debug_info</name>
         <load_address>0x0</load_address>
         <run_address>0x0</run_address>
         <size>0x489d</size>
         <input_file_ref idref="fl-2"/>
      </object_component>
      <object_component id="oc-96">
         <name>.debug_info</name>
         <load_address>0x489d</load_address>
         <run_address>0x489d</run_address>
         <size>0x12b</size>
         <input_file_ref idref="fl-3"/>
      </object_component>
      <object_component id="oc-99">
         <name>.debug_info</name>
         <load_address>0x49c8</load_address>
         <run_address>0x49c8</run_address>
         <size>0x98e</size>
         <input_file_ref idref="fl-4"/>
      </object_component>
      <object_component id="oc-a1">
         <name>.debug_info</name>
         <load_address>0x5356</load_address>
         <run_address>0x5356</run_address>
         <size>0xeb</size>
         <input_file_ref idref="fl-5"/>
      </object_component>
      <object_component id="oc-a4">
         <name>.debug_info</name>
         <load_address>0x5441</load_address>
         <run_address>0x5441</run_address>
         <size>0x3c85</size>
         <input_file_ref idref="fl-6"/>
      </object_component>
      <object_component id="oc-aa">
         <name>.debug_info</name>
         <load_address>0x90c6</load_address>
         <run_address>0x90c6</run_address>
         <size>0x470f</size>
         <input_file_ref idref="fl-7"/>
      </object_component>
      <object_component id="oc-af">
         <name>.debug_info</name>
         <load_address>0xd7d5</load_address>
         <run_address>0xd7d5</run_address>
         <size>0x13e37</size>
         <input_file_ref idref="fl-8"/>
      </object_component>
      <object_component id="oc-b4">
         <name>.debug_info</name>
         <load_address>0x2160c</load_address>
         <run_address>0x2160c</run_address>
         <size>0xfa2a</size>
         <input_file_ref idref="fl-9"/>
      </object_component>
      <object_component id="oc-b9">
         <name>.debug_info</name>
         <load_address>0x31036</load_address>
         <run_address>0x31036</run_address>
         <size>0xf3c5</size>
         <input_file_ref idref="fl-a"/>
      </object_component>
      <object_component id="oc-be">
         <name>.debug_info</name>
         <load_address>0x403fb</load_address>
         <run_address>0x403fb</run_address>
         <size>0x5529</size>
         <input_file_ref idref="fl-b"/>
      </object_component>
      <object_component id="oc-c3">
         <name>.debug_info</name>
         <load_address>0x45924</load_address>
         <run_address>0x45924</run_address>
         <size>0x57424</size>
         <input_file_ref idref="fl-c"/>
      </object_component>
      <object_component id="oc-13b">
         <name>.debug_info</name>
         <load_address>0x9cd48</load_address>
         <run_address>0x9cd48</run_address>
         <size>0x1a01a</size>
         <input_file_ref idref="fl-d"/>
      </object_component>
      <object_component id="oc-140">
         <name>.debug_info</name>
         <load_address>0xb6d62</load_address>
         <run_address>0xb6d62</run_address>
         <size>0xf3c4</size>
         <input_file_ref idref="fl-e"/>
      </object_component>
      <object_component id="oc-145">
         <name>.debug_info</name>
         <load_address>0xc6126</load_address>
         <run_address>0xc6126</run_address>
         <size>0x1621</size>
         <input_file_ref idref="fl-f"/>
      </object_component>
      <object_component id="oc-14a">
         <name>.debug_info</name>
         <load_address>0xc7747</load_address>
         <run_address>0xc7747</run_address>
         <size>0x19a2</size>
         <input_file_ref idref="fl-10"/>
      </object_component>
      <object_component id="oc-155">
         <name>.debug_info</name>
         <load_address>0xc90e9</load_address>
         <run_address>0xc90e9</run_address>
         <size>0x48c0</size>
         <input_file_ref idref="fl-11"/>
      </object_component>
      <object_component id="oc-15a">
         <name>.debug_info</name>
         <load_address>0xcd9a9</load_address>
         <run_address>0xcd9a9</run_address>
         <size>0x17d45</size>
         <input_file_ref idref="fl-12"/>
      </object_component>
      <object_component id="oc-15f">
         <name>.debug_info</name>
         <load_address>0xe56ee</load_address>
         <run_address>0xe56ee</run_address>
         <size>0x1035e</size>
         <input_file_ref idref="fl-13"/>
      </object_component>
      <object_component id="oc-164">
         <name>.debug_info</name>
         <load_address>0xf5a4c</load_address>
         <run_address>0xf5a4c</run_address>
         <size>0x355c</size>
         <input_file_ref idref="fl-14"/>
      </object_component>
      <object_component id="oc-169">
         <name>.debug_info</name>
         <load_address>0xf8fa8</load_address>
         <run_address>0xf8fa8</run_address>
         <size>0x6714</size>
         <input_file_ref idref="fl-15"/>
      </object_component>
      <object_component id="oc-16e">
         <name>.debug_info</name>
         <load_address>0xff6bc</load_address>
         <run_address>0xff6bc</run_address>
         <size>0x17c</size>
         <input_file_ref idref="fl-16"/>
      </object_component>
      <object_component id="oc-170">
         <name>.debug_info</name>
         <load_address>0xff838</load_address>
         <run_address>0xff838</run_address>
         <size>0xfcac</size>
         <input_file_ref idref="fl-17"/>
      </object_component>
      <object_component id="oc-175">
         <name>.debug_info</name>
         <load_address>0x10f4e4</load_address>
         <run_address>0x10f4e4</run_address>
         <size>0xce06</size>
         <input_file_ref idref="fl-18"/>
      </object_component>
      <object_component id="oc-17a">
         <name>.debug_info</name>
         <load_address>0x11c2ea</load_address>
         <run_address>0x11c2ea</run_address>
         <size>0x4ed2</size>
         <input_file_ref idref="fl-19"/>
      </object_component>
      <object_component id="oc-180">
         <name>.debug_info</name>
         <load_address>0x1211bc</load_address>
         <run_address>0x1211bc</run_address>
         <size>0x10967</size>
         <input_file_ref idref="fl-1a"/>
      </object_component>
      <object_component id="oc-185">
         <name>.debug_info</name>
         <load_address>0x131b23</load_address>
         <run_address>0x131b23</run_address>
         <size>0x29dd</size>
         <input_file_ref idref="fl-1b"/>
      </object_component>
      <object_component id="oc-18a">
         <name>.debug_info</name>
         <load_address>0x134500</load_address>
         <run_address>0x134500</run_address>
         <size>0x3402</size>
         <input_file_ref idref="fl-1c"/>
      </object_component>
      <object_component id="oc-191">
         <name>.debug_info</name>
         <load_address>0x137902</load_address>
         <run_address>0x137902</run_address>
         <size>0x1f92</size>
         <input_file_ref idref="fl-1d"/>
      </object_component>
      <object_component id="oc-196">
         <name>.debug_info</name>
         <load_address>0x139894</load_address>
         <run_address>0x139894</run_address>
         <size>0x102e6</size>
         <input_file_ref idref="fl-1e"/>
      </object_component>
      <object_component id="oc-19a">
         <name>.debug_info</name>
         <load_address>0x149b7a</load_address>
         <run_address>0x149b7a</run_address>
         <size>0xee</size>
         <input_file_ref idref="fl-1f"/>
      </object_component>
      <object_component id="oc-19d">
         <name>.debug_info</name>
         <load_address>0x149c68</load_address>
         <run_address>0x149c68</run_address>
         <size>0x52b6</size>
         <input_file_ref idref="fl-20"/>
      </object_component>
      <object_component id="oc-1a4">
         <name>.debug_info</name>
         <load_address>0x14ef1e</load_address>
         <run_address>0x14ef1e</run_address>
         <size>0x5cc7</size>
         <input_file_ref idref="fl-21"/>
      </object_component>
      <object_component id="oc-1ab">
         <name>.debug_info</name>
         <load_address>0x154be5</load_address>
         <run_address>0x154be5</run_address>
         <size>0x440</size>
         <input_file_ref idref="fl-22"/>
      </object_component>
      <object_component id="oc-1b0">
         <name>.debug_info</name>
         <load_address>0x155025</load_address>
         <run_address>0x155025</run_address>
         <size>0x86f3</size>
         <input_file_ref idref="fl-23"/>
      </object_component>
      <object_component id="oc-1b5">
         <name>.debug_info</name>
         <load_address>0x15d718</load_address>
         <run_address>0x15d718</run_address>
         <size>0x48e</size>
         <input_file_ref idref="fl-24"/>
      </object_component>
      <object_component id="oc-1bb">
         <name>.debug_info</name>
         <load_address>0x15dba6</load_address>
         <run_address>0x15dba6</run_address>
         <size>0x5afb</size>
         <input_file_ref idref="fl-25"/>
      </object_component>
      <object_component id="oc-1c1">
         <name>.debug_info</name>
         <load_address>0x1636a1</load_address>
         <run_address>0x1636a1</run_address>
         <size>0x6e5</size>
         <input_file_ref idref="fl-26"/>
      </object_component>
      <object_component id="oc-1c6">
         <name>.debug_info</name>
         <load_address>0x163d86</load_address>
         <run_address>0x163d86</run_address>
         <size>0x5f3d</size>
         <input_file_ref idref="fl-27"/>
      </object_component>
      <object_component id="oc-1cc">
         <name>.debug_info</name>
         <load_address>0x169cc3</load_address>
         <run_address>0x169cc3</run_address>
         <size>0x43e</size>
         <input_file_ref idref="fl-38"/>
      </object_component>
      <object_component id="oc-1d4">
         <name>.debug_info</name>
         <load_address>0x16a101</load_address>
         <run_address>0x16a101</run_address>
         <size>0x173</size>
         <input_file_ref idref="fl-39"/>
      </object_component>
      <object_component id="oc-1d9">
         <name>.debug_info</name>
         <load_address>0x16a274</load_address>
         <run_address>0x16a274</run_address>
         <size>0x114</size>
         <input_file_ref idref="fl-3a"/>
      </object_component>
      <object_component id="oc-1de">
         <name>.debug_info</name>
         <load_address>0x16a388</load_address>
         <run_address>0x16a388</run_address>
         <size>0x114</size>
         <input_file_ref idref="fl-3b"/>
      </object_component>
      <object_component id="oc-1e3">
         <name>.debug_info</name>
         <load_address>0x16a49c</load_address>
         <run_address>0x16a49c</run_address>
         <size>0x122</size>
         <input_file_ref idref="fl-3c"/>
      </object_component>
      <object_component id="oc-1e8">
         <name>.debug_info</name>
         <load_address>0x16a5be</load_address>
         <run_address>0x16a5be</run_address>
         <size>0x114</size>
         <input_file_ref idref="fl-3d"/>
      </object_component>
      <object_component id="oc-1ed">
         <name>.debug_info</name>
         <load_address>0x16a6d2</load_address>
         <run_address>0x16a6d2</run_address>
         <size>0x176</size>
         <input_file_ref idref="fl-3e"/>
      </object_component>
      <object_component id="oc-1f2">
         <name>.debug_info</name>
         <load_address>0x16a848</load_address>
         <run_address>0x16a848</run_address>
         <size>0x11a</size>
         <input_file_ref idref="fl-3f"/>
      </object_component>
      <object_component id="oc-1f7">
         <name>.debug_info</name>
         <load_address>0x16a962</load_address>
         <run_address>0x16a962</run_address>
         <size>0x11a</size>
         <input_file_ref idref="fl-40"/>
      </object_component>
      <object_component id="oc-1fb">
         <name>.debug_info</name>
         <load_address>0x16aa7c</load_address>
         <run_address>0x16aa7c</run_address>
         <size>0x561</size>
         <input_file_ref idref="fl-41"/>
      </object_component>
      <object_component id="oc-200">
         <name>.debug_info</name>
         <load_address>0x16afdd</load_address>
         <run_address>0x16afdd</run_address>
         <size>0x43a</size>
         <input_file_ref idref="fl-42"/>
      </object_component>
      <object_component id="oc-205">
         <name>.debug_info</name>
         <load_address>0x16b417</load_address>
         <run_address>0x16b417</run_address>
         <size>0x3ad</size>
         <input_file_ref idref="fl-43"/>
      </object_component>
      <object_component id="oc-20a">
         <name>.debug_info</name>
         <load_address>0x16b7c4</load_address>
         <run_address>0x16b7c4</run_address>
         <size>0x3aa</size>
         <input_file_ref idref="fl-44"/>
      </object_component>
      <object_component id="oc-20f">
         <name>.debug_info</name>
         <load_address>0x16bb6e</load_address>
         <run_address>0x16bb6e</run_address>
         <size>0x544</size>
         <input_file_ref idref="fl-45"/>
      </object_component>
      <object_component id="oc-216">
         <name>.debug_info</name>
         <load_address>0x16c0b2</load_address>
         <run_address>0x16c0b2</run_address>
         <size>0x4cc</size>
         <input_file_ref idref="fl-46"/>
      </object_component>
      <object_component id="oc-21b">
         <name>.debug_info</name>
         <load_address>0x16c57e</load_address>
         <run_address>0x16c57e</run_address>
         <size>0x467</size>
         <input_file_ref idref="fl-47"/>
      </object_component>
      <object_component id="oc-220">
         <name>.debug_info</name>
         <load_address>0x16c9e5</load_address>
         <run_address>0x16c9e5</run_address>
         <size>0x376</size>
         <input_file_ref idref="fl-48"/>
      </object_component>
      <object_component id="oc-225">
         <name>.debug_info</name>
         <load_address>0x16cd5b</load_address>
         <run_address>0x16cd5b</run_address>
         <size>0x1c6</size>
         <input_file_ref idref="fl-49"/>
      </object_component>
      <object_component id="oc-229">
         <name>.debug_info</name>
         <load_address>0x16cf21</load_address>
         <run_address>0x16cf21</run_address>
         <size>0x36d</size>
         <input_file_ref idref="fl-4a"/>
      </object_component>
      <object_component id="oc-230">
         <name>.debug_info</name>
         <load_address>0x16d28e</load_address>
         <run_address>0x16d28e</run_address>
         <size>0x120</size>
         <input_file_ref idref="fl-4b"/>
      </object_component>
      <object_component id="oc-2ec">
         <name>.debug_info</name>
         <load_address>0x16d3ae</load_address>
         <run_address>0x16d3ae</run_address>
         <size>0x9a</size>
      </object_component>
      <object_component id="oc-8f">
         <name>.debug_frame</name>
         <load_address>0x0</load_address>
         <run_address>0x0</run_address>
         <size>0x60</size>
         <input_file_ref idref="fl-2"/>
      </object_component>
      <object_component id="oc-9b">
         <name>.debug_frame</name>
         <load_address>0x60</load_address>
         <run_address>0x60</run_address>
         <size>0x5c</size>
         <input_file_ref idref="fl-4"/>
      </object_component>
      <object_component id="oc-a6">
         <name>.debug_frame</name>
         <load_address>0xbc</load_address>
         <run_address>0xbc</run_address>
         <size>0x11d0</size>
         <input_file_ref idref="fl-6"/>
      </object_component>
      <object_component id="oc-ab">
         <name>.debug_frame</name>
         <load_address>0x128c</load_address>
         <run_address>0x128c</run_address>
         <size>0x28</size>
         <input_file_ref idref="fl-7"/>
      </object_component>
      <object_component id="oc-b0">
         <name>.debug_frame</name>
         <load_address>0x12b4</load_address>
         <run_address>0x12b4</run_address>
         <size>0x28</size>
         <input_file_ref idref="fl-8"/>
      </object_component>
      <object_component id="oc-b5">
         <name>.debug_frame</name>
         <load_address>0x12dc</load_address>
         <run_address>0x12dc</run_address>
         <size>0x160</size>
         <input_file_ref idref="fl-9"/>
      </object_component>
      <object_component id="oc-ba">
         <name>.debug_frame</name>
         <load_address>0x143c</load_address>
         <run_address>0x143c</run_address>
         <size>0x28</size>
         <input_file_ref idref="fl-a"/>
      </object_component>
      <object_component id="oc-bf">
         <name>.debug_frame</name>
         <load_address>0x1464</load_address>
         <run_address>0x1464</run_address>
         <size>0x28</size>
         <input_file_ref idref="fl-b"/>
      </object_component>
      <object_component id="oc-13c">
         <name>.debug_frame</name>
         <load_address>0x148c</load_address>
         <run_address>0x148c</run_address>
         <size>0x1a8</size>
         <input_file_ref idref="fl-d"/>
      </object_component>
      <object_component id="oc-141">
         <name>.debug_frame</name>
         <load_address>0x1634</load_address>
         <run_address>0x1634</run_address>
         <size>0x28</size>
         <input_file_ref idref="fl-e"/>
      </object_component>
      <object_component id="oc-146">
         <name>.debug_frame</name>
         <load_address>0x165c</load_address>
         <run_address>0x165c</run_address>
         <size>0x28</size>
         <input_file_ref idref="fl-f"/>
      </object_component>
      <object_component id="oc-151">
         <name>.debug_frame</name>
         <load_address>0x1684</load_address>
         <run_address>0x1684</run_address>
         <size>0x28</size>
         <input_file_ref idref="fl-10"/>
      </object_component>
      <object_component id="oc-156">
         <name>.debug_frame</name>
         <load_address>0x16ac</load_address>
         <run_address>0x16ac</run_address>
         <size>0x28</size>
         <input_file_ref idref="fl-11"/>
      </object_component>
      <object_component id="oc-15b">
         <name>.debug_frame</name>
         <load_address>0x16d4</load_address>
[...]
         <value>0x835a2</value>
         <object_component_ref idref="oc-243"/>
      </symbol>
      <symbol id="sm-4f8">
         <name>_GPIO_EnableUnbondedIOPullups</name>
         <value>0x836cf</value>
         <object_component_ref idref="oc-243"/>
      </symbol>
      <symbol id="sm-4fa">
         <name>_GPIO_SetupXINT1Gpio</name>
         <value>0x8365f</value>
         <object_component_ref idref="oc-243"/>
      </symbol>
      <symbol id="sm-4fc">
         <name>_GPIO_SetupPinMux</name>
         <value>0x83516</value>
         <object_component_ref idref="oc-243"/>
      </symbol>
      <symbol id="sm-4fe">
         <name>_GPIO_EnableUnbondedIOPullupsFor100Pin</name>
         <value>0x836aa</value>
         <object_component_ref idref="oc-243"/>
      </symbol>
      <symbol id="sm-500">
         <name>_GPIO_ReadPin</name>
         <value>0x836e5</value>
         <object_component_ref idref="oc-243"/>
      </symbol>
      <symbol id="sm-529">
         <name>_g_usGetReadIndexes</name>
         <value>0x3fc84</value>
         <object_component_ref idref="oc-14e"/>
      </symbol>
      <symbol id="sm-52a">
         <name>_g_usPutWriteIndexes</name>
         <value>0x3fc80</value>
         <object_component_ref idref="oc-14b"/>
      </symbol>
      <symbol id="sm-52b">
         <name>_g_usGetWriteIndexes</name>
         <value>0x3f880</value>
         <object_component_ref idref="oc-14d"/>
      </symbol>
      <symbol id="sm-52c">
         <name>_g_asIPCCPU2toCPU1Buffers</name>
         <value>0x3f800</value>
         <object_component_ref idref="oc-150"/>
      </symbol>
      <symbol id="sm-52d">
         <name>_g_asIPCCPU1toCPU2Buffers</name>
         <value>0x3fc00</value>
         <object_component_ref idref="oc-14f"/>
      </symbol>
      <symbol id="sm-52e">
         <name>_g_usPutReadIndexes</name>
         <value>0x3f884</value>
         <object_component_ref idref="oc-14c"/>
      </symbol>
      <symbol id="sm-555">
         <name>_InitPieCtrl</name>
         <value>0x83c69</value>
         <object_component_ref idref="oc-24b"/>
      </symbol>
      <symbol id="sm-557">
         <name>_EnableInterrupts</name>
         <value>0x83c88</value>
         <object_component_ref idref="oc-24b"/>
      </symbol>
      <symbol id="sm-568">
         <name>_PieVectTableInit</name>
         <value>0x90000</value>
         <object_component_ref idref="oc-253"/>
      </symbol>
      <symbol id="sm-569">
         <name>_InitPieVectTable</name>
         <value>0x83c91</value>
         <object_component_ref idref="oc-24c"/>
      </symbol>
      <symbol id="sm-5bb">
         <name>_InitSysPll</name>
         <value>0x82c99</value>
         <object_component_ref idref="oc-249"/>
      </symbol>
      <symbol id="sm-5bd">
         <name>_SeizeFlashPump</name>
         <value>0x82c64</value>
         <object_component_ref idref="oc-249"/>
      </symbol>
      <symbol id="sm-5bf">
         <name>_DisablePeripheralClocks</name>
         <value>0x82c4c</value>
         <object_component_ref idref="oc-249"/>
      </symbol>
      <symbol id="sm-5c1">
         <name>_FlashOff</name>
         <value>0x82ac</value>
         <object_component_ref idref="oc-252"/>
      </symbol>
      <symbol id="sm-5c3">
         <name>_DisableDog</name>
         <value>0x82c8b</value>
         <object_component_ref idref="oc-249"/>
      </symbol>
      <symbol id="sm-5c5">
         <name>_SysIntOsc2Sel</name>
         <value>0x82fa8</value>
         <object_component_ref idref="oc-249"/>
      </symbol>
      <symbol id="sm-5c7">
         <name>_ReleaseFlashPump</name>
         <value>0x82c73</value>
         <object_component_ref idref="oc-249"/>
      </symbol>
      <symbol id="sm-5c9">
         <name>_HALT</name>
         <value>0x83000</value>
         <object_component_ref idref="oc-249"/>
      </symbol>
      <symbol id="sm-5cb">
         <name>_IDLE</name>
         <value>0x82fec</value>
         <object_component_ref idref="oc-249"/>
      </symbol>
      <symbol id="sm-5cd">
         <name>_InitPeripheralClocks</name>
         <value>0x82bc8</value>
         <object_component_ref idref="oc-249"/>
      </symbol>
      <symbol id="sm-5cf">
         <name>_InitFlash</name>
         <value>0x8283</value>
         <object_component_ref idref="oc-252"/>
      </symbol>
      <symbol id="sm-5d1">
         <name>_SysXtalOscSel</name>
         <value>0x82fbc</value>
         <object_component_ref idref="oc-249"/>
      </symbol>
      <symbol id="sm-5d3">
         <name>_ConfigureTMXAnalogTrim</name>
         <value>0x83036</value>
         <object_component_ref idref="oc-249"/>
      </symbol>
      <symbol id="sm-5d5">
         <name>_CsmUnlock</name>
         <value>0x82f77</value>
         <object_component_ref idref="oc-249"/>
      </symbol>
      <symbol id="sm-5d7">
         <name>_SysIntOsc1Sel</name>
         <value>0x82f98</value>
         <object_component_ref idref="oc-249"/>
      </symbol>
      <symbol id="sm-5d9">
         <name>_ServiceDog</name>
         <value>0x82c7d</value>
         <object_component_ref idref="oc-249"/>
      </symbol>
      <symbol id="sm-5db">
         <name>_HIB</name>
         <value>0x83019</value>
         <object_component_ref idref="oc-249"/>
      </symbol>
      <symbol id="sm-5dd">
         <name>_AuxAuxClkSel</name>
         <value>0x82fe2</value>
         <object_component_ref idref="oc-249"/>
      </symbol>
      <symbol id="sm-5df">
         <name>_AuxIntOsc2Sel</name>
         <value>0x82fcc</value>
         <object_component_ref idref="oc-249"/>
      </symbol>
      <symbol id="sm-5e1">
         <name>_InitAuxPll</name>
         <value>0x82e88</value>
         <object_component_ref idref="oc-249"/>
      </symbol>
      <symbol id="sm-5e3">
         <name>_InitSysCtrl</name>
         <value>0x82b9f</value>
         <object_component_ref idref="oc-249"/>
      </symbol>
      <symbol id="sm-5e5">
         <name>_STANDBY</name>
         <value>0x82ff5</value>
         <object_component_ref idref="oc-249"/>
      </symbol>
      <symbol id="sm-5e7">
         <name>_AuxXtalOscSel</name>
         <value>0x82fd6</value>
         <object_component_ref idref="oc-249"/>
      </symbol>
      <symbol id="sm-5f4">
         <name>_tempSensor_tempSlope</name>
         <value>0xa9da</value>
         <object_component_ref idref="oc-17b"/>
      </symbol>
      <symbol id="sm-5f5">
         <name>_tempSensor_tempOffset</name>
         <value>0xa9dc</value>
         <object_component_ref idref="oc-17b"/>
      </symbol>
      <symbol id="sm-5f6">
         <name>_tempSensor_scaleFactor</name>
         <value>0xa9de</value>
         <object_component_ref idref="oc-17b"/>
      </symbol>
      <symbol id="sm-616">
         <name>_deviceOpen</name>
         <value>0xa9fa</value>
         <object_component_ref idref="oc-18c"/>
      </symbol>
      <symbol id="sm-657">
         <name>_I2C</name>
         <value>0xa9ec</value>
         <object_component_ref idref="oc-23e"/>
      </symbol>
      <symbol id="sm-658">
         <name>_TRIP_SEL</name>
         <value>0xa980</value>
         <object_component_ref idref="oc-23c"/>
      </symbol>
      <symbol id="sm-659">
         <name>_EPWM</name>
         <value>0xa99e</value>
         <object_component_ref idref="oc-242"/>
      </symbol>
      <symbol id="sm-65a">
         <name>_MCBSP</name>
         <value>0xa9f0</value>
         <object_component_ref idref="oc-23f"/>
      </symbol>
      <symbol id="sm-65b">
         <name>_ECAP</name>
         <value>0xa8b0</value>
         <object_component_ref idref="oc-23b"/>
      </symbol>
      <symbol id="sm-65c">
         <name>_SPI</name>
         <value>0xa9d2</value>
         <object_component_ref idref="oc-23a"/>
      </symbol>
      <symbol id="sm-65d">
         <name>_EQEP</name>
         <value>0xa9ca</value>
         <object_component_ref idref="oc-23d"/>
      </symbol>
      <symbol id="sm-65e">
         <name>_SDFM</name>
         <value>0xa9e0</value>
         <object_component_ref idref="oc-240"/>
      </symbol>
      <symbol id="sm-65f">
         <name>_ADC</name>
         <value>0xa9c0</value>
         <object_component_ref idref="oc-241"/>
      </symbol>
      <symbol id="sm-660">
         <name>_SCI</name>
         <value>0xa9f4</value>
         <object_component_ref idref="oc-239"/>
      </symbol>
      <symbol id="sm-66c">
         <name>_F28x_usDelay</name>
         <value>0x82ba</value>
         <object_component_ref idref="oc-198"/>
      </symbol>
      <symbol id="sm-695">
         <name>_ConfigureADC</name>
         <value>0x8296f</value>
         <object_component_ref idref="oc-24d"/>
      </symbol>
      <symbol id="sm-697">
         <name>_InvAnaGain</name>
         <value>0xa900</value>
         <object_component_ref idref="oc-19f"/>
      </symbol>
      <symbol id="sm-698">
         <name>_SetupADC</name>
         <value>0x829cc</value>
         <object_component_ref idref="oc-24d"/>
      </symbol>
      <symbol id="sm-69a">
         <name>_ADCanalog_init</name>
         <value>0x82679</value>
         <object_component_ref idref="oc-24d"/>
      </symbol>
      <symbol id="sm-69c">
         <name>_InvAna</name>
         <value>0xa8c0</value>
         <object_component_ref idref="oc-19f"/>
      </symbol>
      <symbol id="sm-69d">
         <name>_ADCBaseGet</name>
         <value>0x8271c</value>
         <object_component_ref idref="oc-24d"/>
      </symbol>
      <symbol id="sm-69f">
         <name>_InvAnaBase</name>
         <value>0xa940</value>
         <object_component_ref idref="oc-19f"/>
      </symbol>
      <symbol id="sm-6a0">
         <name>_INVADCRead</name>
         <value>0x8000</value>
         <object_component_ref idref="oc-244"/>
      </symbol>
      <symbol id="sm-6af">
         <name>_PhaseComp</name>
         <value>0xa80c</value>
         <object_component_ref idref="oc-1a6"/>
      </symbol>
      <symbol id="sm-6b0">
         <name>_PLL_PI</name>
         <value>0xa898</value>
         <object_component_ref idref="oc-1a6"/>
      </symbol>
      <symbol id="sm-6b1">
         <name>_DLL_PI</name>
         <value>0xa880</value>
         <object_component_ref idref="oc-1a6"/>
      </symbol>
      <symbol id="sm-6b2">
         <name>_VdsDpsPI</name>
         <value>0xa840</value>
         <object_component_ref idref="oc-1a6"/>
      </symbol>
      <symbol id="sm-6b3">
         <name>_SoftStartVdsRef</name>
         <value>0xa812</value>
         <object_component_ref idref="oc-1a6"/>
      </symbol>
      <symbol id="sm-6b4">
         <name>_IoPI</name>
         <value>0xa858</value>
         <object_component_ref idref="oc-1a6"/>
      </symbol>
      <symbol id="sm-6b5">
         <name>_VdsPI</name>
         <value>0xa816</value>
         <object_component_ref idref="oc-1a6"/>
      </symbol>
      <symbol id="sm-6b6">
         <name>_sitaRef</name>
         <value>0xa80a</value>
         <object_component_ref idref="oc-1a6"/>
      </symbol>
      <symbol id="sm-6b7">
         <name>_CompMode</name>
         <value>0xa800</value>
         <object_component_ref idref="oc-1a6"/>
      </symbol>
      <symbol id="sm-6b8">
         <name>_CompTemp</name>
         <value>0xa804</value>
         <object_component_ref idref="oc-1a6"/>
      </symbol>
      <symbol id="sm-6b9">
         <name>_delt</name>
         <value>0xa810</value>
         <object_component_ref idref="oc-1a6"/>
      </symbol>
      <symbol id="sm-6ba">
         <name>_sita</name>
         <value>0xa808</value>
         <object_component_ref idref="oc-1a6"/>
      </symbol>
      <symbol id="sm-6bb">
         <name>_Bs</name>
         <value>0xa80e</value>
         <object_component_ref idref="oc-1a6"/>
      </symbol>
      <symbol id="sm-6bc">
         <name>_VdsRef</name>
         <value>0xa806</value>
         <object_component_ref idref="oc-1a6"/>
      </symbol>
      <symbol id="sm-6bd">
         <name>_SoftStartsitaRef</name>
         <value>0xa814</value>
         <object_component_ref idref="oc-1a6"/>
      </symbol>
      <symbol id="sm-6be">
         <name>_DRV_DELAY_PHASE</name>
         <value>0xa802</value>
         <object_component_ref idref="oc-1a6"/>
      </symbol>
      <symbol id="sm-6d3">
         <name>_Epwm12Set</name>
         <value>0x8347d</value>
         <object_component_ref idref="oc-24e"/>
      </symbol>
      <symbol id="sm-6d5">
         <name>_Epwm7Set</name>
         <value>0x8326b</value>
         <object_component_ref idref="oc-24e"/>
      </symbol>
      <symbol id="sm-6d7">
         <name>_Epwm9Set</name>
         <value>0x83319</value>
         <object_component_ref idref="oc-24e"/>
      </symbol>
      <symbol id="sm-6d9">
         <name>_Epwm6Set</name>
         <value>0x83216</value>
         <object_component_ref idref="oc-24e"/>
      </symbol>
      <symbol id="sm-6db">
         <name>_Epwm8Set</name>
         <value>0x832c0</value>
         <object_component_ref idref="oc-24e"/>
      </symbol>
      <symbol id="sm-6dd">
         <name>_Epwm3Set</name>
         <value>0x8315c</value>
         <object_component_ref idref="oc-24e"/>
      </symbol>
      <symbol id="sm-6df">
         <name>_Epwm5Set</name>
         <value>0x83424</value>
         <object_component_ref idref="oc-24e"/>
      </symbol>
      <symbol id="sm-6e1">
         <name>_Epwm2Set</name>
         <value>0x830ff</value>
         <object_component_ref idref="oc-24e"/>
      </symbol>
      <symbol id="sm-6e3">
         <name>_EpwmSet</name>
         <value>0x83053</value>
         <object_component_ref idref="oc-24e"/>
      </symbol>
      <symbol id="sm-6e5">
         <name>_Epwm4Set</name>
         <value>0x831b9</value>
         <object_component_ref idref="oc-24e"/>
      </symbol>
      <symbol id="sm-6e7">
         <name>_Epwm10Set</name>
         <value>0x83372</value>
         <object_component_ref idref="oc-24e"/>
      </symbol>
      <symbol id="sm-6e9">
         <name>_Epwm1Set</name>
         <value>0x830a2</value>
         <object_component_ref idref="oc-24e"/>
      </symbol>
      <symbol id="sm-6eb">
         <name>_Epwm11Set</name>
         <value>0x833cb</value>
         <object_component_ref idref="oc-24e"/>
      </symbol>
      <symbol id="sm-6f8">
         <name>_KeyDownCount1</name>
         <value>0xa9ba</value>
         <object_component_ref idref="oc-1b6"/>
      </symbol>
      <symbol id="sm-6f9">
         <name>_KeyDownCount0</name>
         <value>0xa9b8</value>
         <object_component_ref idref="oc-1b6"/>
      </symbol>
      <symbol id="sm-6fa">
         <name>_KeyDownCount3</name>
         <value>0xa9be</value>
         <object_component_ref idref="oc-1b6"/>
      </symbol>
      <symbol id="sm-6fb">
         <name>_KeyDownCount2</name>
         <value>0xa9bc</value>
         <object_component_ref idref="oc-1b6"/>
      </symbol>
      <symbol id="sm-707">
         <name>_SysSts</name>
         <value>0xa9fb</value>
         <object_component_ref idref="oc-1bc"/>
      </symbol>
      <symbol id="sm-71f">
         <name>_main</name>
         <value>0x83ba4</value>
         <object_component_ref idref="oc-246"/>
      </symbol>
      <symbol id="sm-721">
         <name>_cpu_timer0_isr</name>
         <value>0x83bdd</value>
         <object_component_ref idref="oc-1c7"/>
      </symbol>
      <symbol id="sm-750">
         <name>_c_int00</name>
         <value>0x83b4e</value>
         <object_component_ref idref="oc-8d"/>
      </symbol>
      <symbol id="sm-751">
         <name>__stack</name>
         <value>0x400</value>
         <object_component_ref idref="oc-1d2"/>
      </symbol>
      <symbol id="sm-76c">
         <name>FD$$ADD</name>
         <value>0x8392b</value>
         <object_component_ref idref="oc-1d8"/>
      </symbol>
      <symbol id="sm-77e">
         <name>FD$$MPY</name>
         <value>0x83a4f</value>
         <object_component_ref idref="oc-1dd"/>
      </symbol>
      <symbol id="sm-78a">
         <name>FD$$SUB</name>
         <value>0x83d61</value>
         <object_component_ref idref="oc-1e2"/>
      </symbol>
      <symbol id="sm-79b">
         <name>FS$$DIV</name>
         <value>0x839c7</value>
         <object_component_ref idref="oc-1e7"/>
      </symbol>
      <symbol id="sm-7a7">
         <name>LL$$AND</name>
         <value>0x83d37</value>
         <object_component_ref idref="oc-1ec"/>
      </symbol>
      <symbol id="sm-7a8">
         <name>LL$$OR</name>
         <value>0x83d3f</value>
         <object_component_ref idref="oc-1ec"/>
      </symbol>
      <symbol id="sm-7a9">
         <name>LL$$XOR</name>
         <value>0x83d47</value>
         <object_component_ref idref="oc-1ec"/>
      </symbol>
      <symbol id="sm-7b9">
         <name>FS$$TOFD</name>
         <value>0x83d1b</value>
         <object_component_ref idref="oc-1f1"/>
      </symbol>
      <symbol id="sm-7c9">
         <name>FD$$TOFS</name>
         <value>0x83cdb</value>
         <object_component_ref idref="oc-1f6"/>
      </symbol>
      <symbol id="sm-7d8">
         <name>_copy_in</name>
         <value>0x83cb7</value>
         <object_component_ref idref="oc-235"/>
      </symbol>
      <symbol id="sm-7ea">
         <name>_memcpy</name>
         <value>0x83cfe</value>
         <object_component_ref idref="oc-245"/>
      </symbol>
      <symbol id="sm-7f7">
         <name>__system_pre_init</name>
         <value>0x83d83</value>
         <object_component_ref idref="oc-234"/>
      </symbol>
      <symbol id="sm-805">
         <name>__system_post_cinit</name>
         <value>0x83d85</value>
         <object_component_ref idref="oc-236"/>
      </symbol>
      <symbol id="sm-81a">
         <name>C$$EXIT</name>
         <value>0x83c40</value>
         <object_component_ref idref="oc-238"/>
      </symbol>
      <symbol id="sm-81b">
         <name>_exit</name>
         <value>0x83c42</value>
         <object_component_ref idref="oc-238"/>
      </symbol>
      <symbol id="sm-81d">
         <name>___TI_cleanup_ptr</name>
         <value>0xa9e8</value>
         <object_component_ref idref="oc-211"/>
      </symbol>
      <symbol id="sm-81e">
         <name>___TI_enable_exit_profile_output</name>
         <value>0xa9e6</value>
         <object_component_ref idref="oc-211"/>
      </symbol>
      <symbol id="sm-81f">
         <name>_abort</name>
         <value>0x83c40</value>
         <object_component_ref idref="oc-238"/>
      </symbol>
      <symbol id="sm-821">
         <name>___TI_dtors_ptr</name>
         <value>0xa9ea</value>
         <object_component_ref idref="oc-211"/>
      </symbol>
      <symbol id="sm-835">
         <name>__unlock</name>
         <value>0xa9f8</value>
         <object_component_ref idref="oc-255"/>
      </symbol>
      <symbol id="sm-836">
         <name>__lock</name>
         <value>0xa8be</value>
         <object_component_ref idref="oc-247"/>
      </symbol>
      <symbol id="sm-837">
         <name>__register_lock</name>
         <value>0x83d73</value>
         <object_component_ref idref="oc-250"/>
      </symbol>
      <symbol id="sm-839">
         <name>__nop</name>
         <value>0x83d77</value>
         <object_component_ref idref="oc-250"/>
      </symbol>
      <symbol id="sm-83b">
         <name>__register_unlock</name>
         <value>0x83d6f</value>
         <object_component_ref idref="oc-250"/>
      </symbol>
      <symbol id="sm-84b">
         <name>__args_main</name>
         <value>0x83d4f</value>
         <object_component_ref idref="oc-237"/>
      </symbol>
      <symbol id="sm-85f">
         <name>_errno</name>
         <value>0xa9fc</value>
         <object_component_ref idref="oc-227"/>
      </symbol>
      <symbol id="sm-87d">
         <name>FD$$CMP</name>
         <value>0x83c16</value>
         <object_component_ref idref="oc-22f"/>
      </symbol>
   </symbol_table>
   <title>Link successful</title>
</link_info>
